<html>
<body>
<pre>
<h1>µVision Build Log</h1>
<h2>Tool Versions:</h2>
IDE-Version: ¦ÌVision V5.36.0.0
Copyright (C) 2021 ARM Ltd and ARM Germany GmbH. All rights reserved.
License Information: jiusan jiusan, jiusan, LIC=Q7GU5-G7ZH0-D30M3-AYWTT-4NU08-6IAFE
 
Tool Versions:
Toolchain:       MDK-ARM Professional  Version: 5.36.0.0
Toolchain Path:  C:\Keil_v5\ARM\ARMCC\Bin
C Compiler:      Armcc.exe V5.06 update 7 (build 960)
Assembler:       Armasm.exe V5.06 update 7 (build 960)
Linker/Locator:  ArmLink.exe V5.06 update 7 (build 960)
Library Manager: ArmAr.exe V5.06 update 7 (build 960)
Hex Converter:   FromElf.exe V5.06 update 7 (build 960)
CPU DLL:         SARMCM3.DLL V5.36.0.0
Dialog DLL:      DARMCM1.DLL V1.19.4.0
Target DLL:      UL2CM3.DLL V1.164.0.0
Dialog DLL:      TARMCM1.DLL V1.14.4.0
 
<h2>Project:</h2>
C:\rengxing_work\project\nrf51822\DeviceDownload\nRF5SDK1230\nRF5_SDK_12.3.0_d7731ad\examples\ble_peripheral\experimental_ble_app_blinky\pca10028\s130\arm5_no_packs\experimental_ble_app_blinky_pca10028_s130.uvprojx
Project File Date:  09/26/2024

<h2>Output:</h2>
*** Using Compiler 'V5.06 update 7 (build 960)', folder: 'C:\Keil_v5\ARM\ARMCC\Bin'
Build target 'nrf51422_xxac'
Note: source file 'RTE\Device\nRF51822_xxAA\arm_startup_nrf51.s' - object file renamed from '.\_build\arm_startup_nrf51.o' to '.\_build\arm_startup_nrf51_1.o'.
Note: source file 'RTE\Device\nRF51822_xxAA\system_nrf51.c' - object file renamed from '.\_build\system_nrf51.o' to '.\_build\system_nrf51_1.o'.
compiling bsp_nfc.c...
compiling boards.c...
compiling main.c...
compiling hardfault_implementation.c...
compiling app_error.c...
compiling RTT_Syscalls_KEIL.c...
compiling sdk_errors.c...
compiling SEGGER_RTT_printf.c...
compiling ble_advdata.c...
assembling arm_startup_nrf51.s...
compiling nrf_assert.c...
compiling app_error_weak.c...
compiling nrf_drv_common.c...
compiling nrf_log_backend_serial.c...
compiling ble_lbs.c...
compiling nrf_log_frontend.c...
compiling app_util_platform.c...
compiling ble_srv_common.c...
compiling app_button.c...
compiling bsp.c...
compiling ble_conn_params.c...
compiling SEGGER_RTT.c...
compiling app_timer.c...
compiling nrf_drv_gpiote.c...
compiling system_nrf51.c...
compiling nrf_drv_uart.c...
compiling nrf_drv_clock.c...
compiling softdevice_handler.c...
linking...
Program Size: Code=8452 RO-data=272 RW-data=120 ZI-data=2480  
FromELF: creating hex file...
".\_build\nrf51422_xxac.axf" - 0 Error(s), 0 Warning(s).

<h2>Software Packages used:</h2>

Package Vendor: ARM
                http://www.keil.com/pack/ARM.CMSIS.4.5.0.pack
                ARM.CMSIS.4.5.0
                CMSIS (Cortex Microcontroller Software Interface Standard)
   * Component: CORE Version: 4.3.0

Package Vendor: NordicSemiconductor
                http://developer.nordicsemi.com/nRF5_SDK/pieces/nRF_DeviceFamilyPack/NordicSemiconductor.nRF_DeviceFamilyPack.8.11.1.pack
                NordicSemiconductor.nRF_DeviceFamilyPack.8.11.1
                Nordic Semiconductor nRF ARM devices Device Family Pack.
   * Component: Startup Version: 8.11.1

<h2>Collection of Component include folders:</h2>
  .\RTE\_nrf51422_xxac
  C:\keil_pack\ARM\CMSIS\4.5.0\CMSIS\Include
  C:\keil_pack\NordicSemiconductor\nRF_DeviceFamilyPack\8.11.1\Device\Include

<h2>Collection of Component Files used:</h2>

   * Component: ARM::CMSIS:CORE:4.3.0

   * Component: NordicSemiconductor::Device:Startup:8.11.1
      Source file:   Device\Source\system_nrf51.c
      Source file:   Device\Source\arm\arm_startup_nrf51.s
      Include file:  Device\Include\system_nrf51.h
Build Time Elapsed:  00:00:02
</pre>
</body>
</html>
