<html>
<body>
<pre>
<h1>礦ision Build Log</h1>
<h2>Tool Versions:</h2>
IDE-Version: μVision V5.37.0.0
Copyright (C) 2022 ARM Ltd and ARM Germany GmbH. All rights reserved.
License Information: A A, A, LIC=BUURY-IDJMM-TGV7T-RJ23W-UWXZW-VT22B
 
Tool Versions:
Toolchain:       MDK-ARM Plus  Version: 5.37.0.0
Toolchain Path:  C:\Keil_v5\ARM\ARM_Compiler_5.06u7\Bin
C Compiler:      Armcc.exe V5.06 update 7 (build 960)
Assembler:       Armasm.exe V5.06 update 7 (build 960)
Linker/Locator:  ArmLink.exe V5.06 update 7 (build 960)
Library Manager: ArmAr.exe V5.06 update 7 (build 960)
Hex Converter:   FromElf.exe V5.06 update 7 (build 960)
CPU DLL:         
Dialog DLL:      
Target DLL:      Segger\JL2CM3.dll V2.99.42.0
Dialog DLL:      TCM.DLL V1.56.1.0
 
<h2>Project:</h2>
C:\Users\dell\Desktop\资料\清风NRF52832\青风nRF52蓝牙5.0网盘（SDK17版本）\7.官方SDK\最新SDK\nRF5_SDK_17.1.0_ddde560\examples\peripheral\nrfx_spim\pca10056\blank\arm5_no_packs\nrfx_spim_pca10056.uvprojx
Project File Date:  10/10/2023

<h2>Output:</h2>
*** Using Compiler 'V5.06 update 7 (build 960)', folder: 'C:\Keil_v5\ARM\ARM_Compiler_5.06u7\Bin'
Build target 'nrf52840_xxaa'
compiling app_error.c...
compiling app_error_handler_keil.c...
compiling boards.c...
compiling nrf_drv_uart.c...
compiling nrfx_spim.c...
compiling nrfx_uarte.c...
compiling main.c...
compiling bsp.c...
compiling app_button.c...
compiling nrfx_uart.c...
compiling nrfx_atomic.c...
compiling app_error_weak.c...
compiling app_scheduler.c...
compiling nrfx_gpiote.c...
compiling nrfx_prs.c...
compiling app_util_platform.c...
compiling nrf_assert.c...
compiling nrf_log_backend_rtt.c...
compiling drv_rtc.c...
compiling nrf_strerror.c...
compiling nrf_fprintf.c...
compiling nrf_memobj.c...
compiling nrf_ringbuf.c...
compiling nrf_atomic.c...
compiling nrf_fprintf_format.c...
compiling app_timer2.c...
compiling nrf_sortlist.c...
compiling nrf_balloc.c...
compiling nrf_atfifo.c...
compiling nrf_log_backend_serial.c...
assembling arm_startup_nrf52840.s...
compiling nrf_log_backend_uart.c...
compiling nrf_log_default_backends.c...
compiling SEGGER_RTT.c...
compiling SEGGER_RTT_Syscalls_KEIL.c...
compiling nrf_log_str_formatter.c...
compiling SEGGER_RTT_printf.c...
compiling nrf_log_frontend.c...
compiling system_nrf52.c...
linking...
Program Size: Code=10624 RO-data=1140 RW-data=204 ZI-data=9924  
FromELF: creating hex file...
".\_build\nrf52840_xxaa.axf" - 0 Error(s), 0 Warning(s).

<h2>Software Packages used:</h2>

Package Vendor: ARM
                http://www.keil.com/pack/ARM.CMSIS.5.6.0.pack
                ARM.CMSIS.5.6.0
                CMSIS (Cortex Microcontroller Software Interface Standard)
   * Component: CORE Version: 5.3.0

Package Vendor: NordicSemiconductor
                http://developer.nordicsemi.com/nRF5_SDK/pieces/nRF_DeviceFamilyPack/NordicSemiconductor.nRF_DeviceFamilyPack.8.40.3.pack
                NordicSemiconductor.nRF_DeviceFamilyPack.8.40.3
                Nordic Semiconductor nRF ARM devices Device Family Pack with BSD license.
   * Component: Startup Version: 8.40.3

<h2>Collection of Component include folders:</h2>
  ./RTE/_nrf52840_xxaa
  C:/Users/dell/AppData/Local/Arm/Packs/ARM/CMSIS/5.6.0/CMSIS/Core/Include
  C:/Users/dell/AppData/Local/Arm/Packs/NordicSemiconductor/nRF_DeviceFamilyPack/8.40.3/Device/Include

<h2>Collection of Component Files used:</h2>

   * Component: ARM::CMSIS:CORE:5.3.0

   * Component: NordicSemiconductor::Device:Startup:8.40.3
      Include file:  Device/Include/system_nrf.h
      Source file:   Device/Source/arm/arm_startup_nrf52840.s
      Include file:  Device/Include/system_nrf52840.h
      Source file:   Device/Source/system_nrf52.c
Build Time Elapsed:  00:00:04
</pre>
</body>
</html>
