<html>
<body>
<pre>
<h1>µVision Build Log</h1>
<h2>Tool Versions:</h2>
IDE-Version: ¦ÌVision V5.36.0.0
Copyright (C) 2021 ARM Ltd and ARM Germany GmbH. All rights reserved.
License Information: jiusan jiusan, jiusan, LIC=Q7GU5-G7ZH0-D30M3-AYWTT-4NU08-6IAFE
 
Tool Versions:
Toolchain:       MDK-ARM Professional  Version: 5.36.0.0
Toolchain Path:  C:\Keil_v5\ARM\ARMCC\Bin
C Compiler:      Armcc.exe V5.06 update 7 (build 960)
Assembler:       Armasm.exe V5.06 update 7 (build 960)
Linker/Locator:  ArmLink.exe V5.06 update 7 (build 960)
Library Manager: ArmAr.exe V5.06 update 7 (build 960)
Hex Converter:   FromElf.exe V5.06 update 7 (build 960)
CPU DLL:         
Dialog DLL:      
Target DLL:      Segger\JL2CM3.dll V2.99.40.0
Dialog DLL:      TCM.DLL V1.53.0.0
 
<h2>Project:</h2>
C:\rengxing_work\project\nrf52832\nRF5_SDK_17.1.0_ddde560\examples\peripheral\flash_fds\pca10040\blank\arm5_no_packs\flash_fds_blank_pca10040.uvprojx
Project File Date:  10/09/2024

<h2>Output:</h2>
*** Using Compiler 'V5.06 update 7 (build 960)', folder: 'C:\Keil_v5\ARM\ARMCC\Bin'
Build target 'nrf52832_xxaa'
compiling nrfx_atomic.c...
compiling nrf_nvic.c...
compiling boards.c...
compiling fnmatch.c...
compiling nrf_nvmc.c...
compiling drv_rtc.c...
compiling main.c...
compiling nrfx_clock.c...
compiling cli.c...
compiling nrf_soc.c...
compiling app_util_platform.c...
compiling app_error.c...
compiling crc16.c...
compiling app_timer2.c...
compiling nrfx_prs.c...
compiling nrf_assert.c...
compiling app_error_handler_keil.c...
compiling nrf_drv_clock.c...
compiling app_scheduler.c...
compiling app_error_weak.c...
compiling nrf_drv_uart.c...
compiling nrf_atomic.c...
compiling nrf_atfifo.c...
compiling nrfx_uart.c...
compiling nrfx_uarte.c...
compiling nrf_balloc.c...
compiling nrf_fprintf.c...
compiling fds.c...
compiling nrf_fprintf_format.c...
assembling arm_startup_nrf52.s...
compiling nrf_fstorage.c...
compiling nrf_cli_uart.c...
compiling nrf_fstorage_nvmc.c...
compiling nrf_memobj.c...
compiling nrf_section_iter.c...
compiling nrf_ringbuf.c...
compiling nrf_sortlist.c...
compiling nrf_pwr_mgmt.c...
compiling nrf_queue.c...
compiling nrf_strerror.c...
compiling nrf_log_backend_serial.c...
compiling nrf_cli.c...
compiling nrf_log_default_backends.c...
compiling nrf_log_backend_uart.c...
compiling nrf_log_str_formatter.c...
compiling nrf_log_frontend.c...
compiling system_nrf52.c...
linking...
Program Size: Code=34764 RO-data=6184 RW-data=756 ZI-data=19460  
FromELF: creating hex file...
".\_build\nrf52832_xxaa.axf" - 0 Error(s), 0 Warning(s).

<h2>Software Packages used:</h2>

Package Vendor: ARM
                http://www.keil.com/pack/ARM.CMSIS.5.6.0.pack
                ARM.CMSIS.5.6.0
                CMSIS (Cortex Microcontroller Software Interface Standard)
   * Component: CORE Version: 5.3.0

Package Vendor: NordicSemiconductor
                http://developer.nordicsemi.com/nRF5_SDK/pieces/nRF_DeviceFamilyPack/NordicSemiconductor.nRF_DeviceFamilyPack.8.40.3.pack
                NordicSemiconductor.nRF_DeviceFamilyPack.8.40.3
                Nordic Semiconductor nRF ARM devices Device Family Pack with BSD license.
   * Component: Startup Version: 8.40.3

<h2>Collection of Component include folders:</h2>
  .\RTE\_nrf52832_xxaa
  C:\keil_pack\ARM\CMSIS\5.6.0\CMSIS\Core\Include
  C:\keil_pack\NordicSemiconductor\nRF_DeviceFamilyPack\8.40.3\Device\Include

<h2>Collection of Component Files used:</h2>

   * Component: ARM::CMSIS:CORE:5.3.0

   * Component: NordicSemiconductor::Device:Startup:8.40.3
      Include file:  Device\Include\system_nrf52.h
      Include file:  Device\Include\system_nrf.h
      Source file:   Device\Source\system_nrf52.c
      Source file:   Device\Source\arm\arm_startup_nrf52.s
Build Time Elapsed:  00:00:02
</pre>
</body>
</html>
